2026-08-24 13:37:31,791 - __main__ - INFO - This is a test message
2026-08-24 13:40:17,776 - __main__ - INFO - This is a test message

2026-08-24 13:40:17,776 - __main__ - INFO - This is a test message

2026-08-24 13:40:39,713 - __main__ - INFO - This is a test message

2026-08-24 13:40:39,713 - __main__ - INFO - This is a test message

2026-08-24 13:40:39,713 - __main__ - INFO - This is a test message

2026-08-24 13:40:51,123 - __main__ - INFO - This is a test message

2026-08-24 13:40:51,123 - __main__ - INFO - This is a test message

2026-08-24 13:40:51,123 - __main__ - INFO - This is a test message

2026-08-24 13:40:51,123 - __main__ - INFO - This is a test message

2026-08-24 13:41:20,437 - __main__ - INFO - This is a test message

2026-08-24 13:41:20,437 - __main__ - INFO - This is a test message

2026-08-24 13:41:20,437 - __main__ - INFO - This is a test message

2026-08-24 13:41:20,437 - __main__ - INFO - This is a test message

2026-08-24 13:41:20,437 - __main__ - INFO - This is a test message

2026-08-24 13:41:49,242 - __main__ - INFO - This is a test message

2026-08-24 13:41:49,242 - __main__ - INFO - This is a test message

2026-08-24 13:41:49,242 - __main__ - INFO - This is a test message

2026-08-24 13:41:49,242 - __main__ - INFO - This is a test message

2026-08-24 13:41:49,242 - __main__ - INFO - This is a test message

2026-08-24 13:41:49,242 - __main__ - INFO - This is a test message

2026-08-24 13:41:49,244 - __main__ - DEBUG - THESE IS DEBUG MSG 
2026-08-24 13:41:49,244 - __main__ - DEBUG - THESE IS DEBUG MSG 
2026-08-24 13:41:49,244 - __main__ - DEBUG - THESE IS DEBUG MSG 
2026-08-24 13:41:49,244 - __main__ - DEBUG - THESE IS DEBUG MSG 
2026-08-24 13:41:49,244 - __main__ - DEBUG - THESE IS DEBUG MSG 
2026-08-24 13:41:49,244 - __main__ - DEBUG - THESE IS DEBUG MSG 
2026-08-24 13:48:37,639 - __main__ - INFO - 4
2026-08-24 13:48:37,639 - __main__ - INFO - 4
2026-08-24 13:48:37,639 - __main__ - INFO - 4
2026-08-24 13:48:37,639 - __main__ - INFO - 4
2026-08-24 13:48:37,639 - __main__ - INFO - 4
2026-08-24 13:48:37,639 - __main__ - INFO - 4
2026-08-24 13:51:52,014 - __main__ - INFO - 4
2026-08-24 13:51:52,014 - __main__ - INFO - 4
2026-08-24 13:51:52,014 - __main__ - INFO - 4
2026-08-24 13:51:52,014 - __main__ - INFO - 4
2026-08-24 13:51:52,014 - __main__ - INFO - 4
2026-08-24 13:51:52,014 - __main__ - INFO - 4
2026-08-24 13:52:45,719 - __main__ - INFO - None
2026-08-24 13:52:45,719 - __main__ - INFO - None
2026-08-24 13:52:45,719 - __main__ - INFO - None
2026-08-24 13:52:45,719 - __main__ - INFO - None
2026-08-24 13:52:45,719 - __main__ - INFO - None
2026-08-24 13:52:45,719 - __main__ - INFO - None
2026-08-24 13:53:30,798 - __main__ - INFO - None
2026-08-24 13:53:30,798 - __main__ - INFO - None
2026-08-24 13:53:30,798 - __main__ - INFO - None
2026-08-24 13:53:30,798 - __main__ - INFO - None
2026-08-24 13:53:30,798 - __main__ - INFO - None
2026-08-24 13:53:30,798 - __main__ - INFO - None
2026-08-24 13:54:33,921 - __main__ - INFO - None
2026-08-24 13:54:33,921 - __main__ - INFO - None
2026-08-24 13:54:33,921 - __main__ - INFO - None
2026-08-24 13:54:33,921 - __main__ - INFO - None
2026-08-24 13:54:33,921 - __main__ - INFO - None
2026-08-24 13:54:33,921 - __main__ - INFO - None
2026-08-24 13:57:34,908 - __main__ - INFO - 12.56
2026-08-24 13:57:34,908 - __main__ - INFO - 12.56
2026-08-24 13:57:34,908 - __main__ - INFO - 12.56
2026-08-24 13:57:34,908 - __main__ - INFO - 12.56
2026-08-24 13:57:34,908 - __main__ - INFO - 12.56
2026-08-24 13:57:34,908 - __main__ - INFO - 12.56
